7
8
2
2
4
5
2
9
7
3
8
6
9
4
7
0
4
9
1
10
7
1
5
2
0
9
2
4
10
1
7
4
9
0
5
8
6
5
3
3
4
3
2
9
2
10
3
10
8
3
----------------------------------------
python input without prompt: true
block count: multi
input block size: 9
output block size: 1 
show line numbers: false
