proscribable
crystallisation
overfruitful
sterilizable
unforgivingness
snatchy
dropworts
chaufers
hyperbolized
bicentennially
curring
ageratum
preallotment
deputize
anthropopsychic
flustroid
ketones
cantharidian
adenolymphoma
headlongly
linoleums
pseudoracemic
flagpole
extraessential
unclustering
preglobulin
spiderflower
uncorker
antithrombic
lienomedullary
unshrivelled
benison
copiable
infiltering
incivil
turncoat
autosome
outfight
numbnesses
reforestization
mastochondrosis
ridottos
reapproval
grasping
dioicously
synergia
macrauchene
schizospore
nonzero
seminomadism
----------------------------------------
python input without prompt: true
block count: multi
input block size: 1
output block size: 1 
